Dados inOrder:
Nome: Luan
Idade: 10
Nome: Laura
Idade: 13
Nome: Lucas
Idade: 23
Nome: Ana
Idade: 24
Nome: Luisa
Idade: 29