Dados inOrder:
Nome: Luisa
Idade: 21
Nome: Lucas
Idade: 22
Nome: Bruna
Idade: 25
Nome: Beatriz
Idade: 32
Dados inOrder:
Nome: Lorena
Idade: 19
Nome: Lais
Idade: 20
Nome: Luisa
Idade: 21
Nome: Lucas
Idade: 22
Nome: Bruna
Idade: 25
Nome: Beatriz
Idade: 32
Nome: Maria
Idade: 54