Dados inOrder:
Nome: Vitor
Idade: 23
Nome: Barbara
Idade: 24
Dados inOrder:
Nome: Bernardo
Idade: 12
Nome: Karol
Idade: 18
Nome: Vitor
Idade: 23
Nome: Barbara
Idade: 24
Nome: Marlon
Idade: 28