Dados inOrder:
Nome: Luisa
Idade: 19
Nome: Kamila
Idade: 29
Nome: Pedro
Idade: 30
Nome: Alana
Idade: 38
Nome: Maria
Idade: 58
Nome: Mauro
Idade: 63