Dados inOrder:
Nome: Elisa
Idade: 16
Nome: Marcos
Idade: 18
Nome: Luana
Idade: 20
Nome: Vitoria
Idade: 25
Nome: Mariana
Idade: 29
Nome: Liana
Idade: 38
Nome: Marlene
Idade: 42
Dados inOrder:
Nome: Elisa
Idade: 16
Nome: Marcos
Idade: 18
Nome: Luana
Idade: 20
Nome: Lucas
Idade: 23
Nome: Vitoria
Idade: 25
Nome: Mariana
Idade: 29
Nome: Liana
Idade: 38
Nome: Marlene
Idade: 42
Nome: Lauro
Idade: 48
Nome: Mauricio
Idade: 70